// Jest Snapshot v1, https://goo.gl/fbAQLP

exports[`MovieCard should render correctly 1`] = `ShallowWrapper {}`;
